// Jest Snapshot v1, https://goo.gl/fbAQLP

exports[`Displays the button 1`] = `
<button>
  Nutton
</button>
`;
